Archive member included to satisfy reference by file (symbol)

E:/Backup data D/App Kuliah/stm32cube ide/STM32CubeIDE_1.16.0/STM32CubeIDE/plugins/com.st.stm32cube.ide.mcu.externaltools.gnu-tools-for-stm32.12.3.rel1.win32_1.0.200.202406191623/tools/bin/../lib/gcc/arm-none-eabi/12.3.1/../../../../arm-none-eabi/lib/thumb/v7-m/nofp\libc_nano.a(libc_a-exit.o)
                              E:/Backup data D/App Kuliah/stm32cube ide/STM32CubeIDE_1.16.0/STM32CubeIDE/plugins/com.st.stm32cube.ide.mcu.externaltools.gnu-tools-for-stm32.12.3.rel1.win32_1.0.200.202406191623/tools/bin/../lib/gcc/arm-none-eabi/12.3.1/../../../../arm-none-eabi/lib/thumb/v7-m/nofp/crt0.o (exit)
E:/Backup data D/App Kuliah/stm32cube ide/STM32CubeIDE_1.16.0/STM32CubeIDE/plugins/com.st.stm32cube.ide.mcu.externaltools.gnu-tools-for-stm32.12.3.rel1.win32_1.0.200.202406191623/tools/bin/../lib/gcc/arm-none-eabi/12.3.1/../../../../arm-none-eabi/lib/thumb/v7-m/nofp\libc_nano.a(libc_a-findfp.o)
                              E:/Backup data D/App Kuliah/stm32cube ide/STM32CubeIDE_1.16.0/STM32CubeIDE/plugins/com.st.stm32cube.ide.mcu.externaltools.gnu-tools-for-stm32.12.3.rel1.win32_1.0.200.202406191623/tools/bin/../lib/gcc/arm-none-eabi/12.3.1/../../../../arm-none-eabi/lib/thumb/v7-m/nofp\libc_nano.a(libc_a-exit.o) (__stdio_exit_handler)
E:/Backup data D/App Kuliah/stm32cube ide/STM32CubeIDE_1.16.0/STM32CubeIDE/plugins/com.st.stm32cube.ide.mcu.externaltools.gnu-tools-for-stm32.12.3.rel1.win32_1.0.200.202406191623/tools/bin/../lib/gcc/arm-none-eabi/12.3.1/../../../../arm-none-eabi/lib/thumb/v7-m/nofp\libc_nano.a(libc_a-fwalk.o)
                              E:/Backup data D/App Kuliah/stm32cube ide/STM32CubeIDE_1.16.0/STM32CubeIDE/plugins/com.st.stm32cube.ide.mcu.externaltools.gnu-tools-for-stm32.12.3.rel1.win32_1.0.200.202406191623/tools/bin/../lib/gcc/arm-none-eabi/12.3.1/../../../../arm-none-eabi/lib/thumb/v7-m/nofp\libc_nano.a(libc_a-findfp.o) (_fwalk_sglue)
E:/Backup data D/App Kuliah/stm32cube ide/STM32CubeIDE_1.16.0/STM32CubeIDE/plugins/com.st.stm32cube.ide.mcu.externaltools.gnu-tools-for-stm32.12.3.rel1.win32_1.0.200.202406191623/tools/bin/../lib/gcc/arm-none-eabi/12.3.1/../../../../arm-none-eabi/lib/thumb/v7-m/nofp\libc_nano.a(libc_a-stdio.o)
                              E:/Backup data D/App Kuliah/stm32cube ide/STM32CubeIDE_1.16.0/STM32CubeIDE/plugins/com.st.stm32cube.ide.mcu.externaltools.gnu-tools-for-stm32.12.3.rel1.win32_1.0.200.202406191623/tools/bin/../lib/gcc/arm-none-eabi/12.3.1/../../../../arm-none-eabi/lib/thumb/v7-m/nofp\libc_nano.a(libc_a-findfp.o) (__sread)
E:/Backup data D/App Kuliah/stm32cube ide/STM32CubeIDE_1.16.0/STM32CubeIDE/plugins/com.st.stm32cube.ide.mcu.externaltools.gnu-tools-for-stm32.12.3.rel1.win32_1.0.200.202406191623/tools/bin/../lib/gcc/arm-none-eabi/12.3.1/../../../../arm-none-eabi/lib/thumb/v7-m/nofp\libc_nano.a(libc_a-memset.o)
                              E:/Backup data D/App Kuliah/stm32cube ide/STM32CubeIDE_1.16.0/STM32CubeIDE/plugins/com.st.stm32cube.ide.mcu.externaltools.gnu-tools-for-stm32.12.3.rel1.win32_1.0.200.202406191623/tools/bin/../lib/gcc/arm-none-eabi/12.3.1/../../../../arm-none-eabi/lib/thumb/v7-m/nofp/crt0.o (memset)
E:/Backup data D/App Kuliah/stm32cube ide/STM32CubeIDE_1.16.0/STM32CubeIDE/plugins/com.st.stm32cube.ide.mcu.externaltools.gnu-tools-for-stm32.12.3.rel1.win32_1.0.200.202406191623/tools/bin/../lib/gcc/arm-none-eabi/12.3.1/../../../../arm-none-eabi/lib/thumb/v7-m/nofp\libc_nano.a(libc_a-closer.o)
                              E:/Backup data D/App Kuliah/stm32cube ide/STM32CubeIDE_1.16.0/STM32CubeIDE/plugins/com.st.stm32cube.ide.mcu.externaltools.gnu-tools-for-stm32.12.3.rel1.win32_1.0.200.202406191623/tools/bin/../lib/gcc/arm-none-eabi/12.3.1/../../../../arm-none-eabi/lib/thumb/v7-m/nofp\libc_nano.a(libc_a-stdio.o) (_close_r)
E:/Backup data D/App Kuliah/stm32cube ide/STM32CubeIDE_1.16.0/STM32CubeIDE/plugins/com.st.stm32cube.ide.mcu.externaltools.gnu-tools-for-stm32.12.3.rel1.win32_1.0.200.202406191623/tools/bin/../lib/gcc/arm-none-eabi/12.3.1/../../../../arm-none-eabi/lib/thumb/v7-m/nofp\libc_nano.a(libc_a-reent.o)
                              E:/Backup data D/App Kuliah/stm32cube ide/STM32CubeIDE_1.16.0/STM32CubeIDE/plugins/com.st.stm32cube.ide.mcu.externaltools.gnu-tools-for-stm32.12.3.rel1.win32_1.0.200.202406191623/tools/bin/../lib/gcc/arm-none-eabi/12.3.1/../../../../arm-none-eabi/lib/thumb/v7-m/nofp\libc_nano.a(libc_a-closer.o) (errno)
E:/Backup data D/App Kuliah/stm32cube ide/STM32CubeIDE_1.16.0/STM32CubeIDE/plugins/com.st.stm32cube.ide.mcu.externaltools.gnu-tools-for-stm32.12.3.rel1.win32_1.0.200.202406191623/tools/bin/../lib/gcc/arm-none-eabi/12.3.1/../../../../arm-none-eabi/lib/thumb/v7-m/nofp\libc_nano.a(libc_a-impure.o)
[...]
Memory Configuration

Name             Origin             Length             Attributes
RAM              0x20000000         0x00005000         xrw
FLASH            0x08000000         0x00010000         xr
*default*        0x00000000         0xffffffff

Linker script and memory map

LOAD E:/Backup data D/App Kuliah/stm32cube ide/STM32CubeIDE_1.16.0/STM32CubeIDE/plugins/com.st.stm32cube.ide.mcu.externaltools.gnu-tools-for-stm32.12.3.rel1.win32_1.0.200.202406191623/tools/bin/../lib/gcc/arm-none-eabi/12.3.1/thumb/v7-m/nofp/crti.o
LOAD E:/Backup data D/App Kuliah/stm32cube ide/STM32CubeIDE_1.16.0/STM32CubeIDE/plugins/com.st.stm32cube.ide.mcu.externaltools.gnu-tools-for-stm32.12.3.rel1.win32_1.0.200.202406191623/tools/bin/../lib/gcc/arm-none-eabi/12.3.1/thumb/v7-m/nofp/crtbegin.o
LOAD E:/Backup data D/App Kuliah/stm32cube ide/STM32CubeIDE_1.16.0/STM32CubeIDE/plugins/com.st.stm32cube.ide.mcu.externaltools.gnu-tools-for-stm32.12.3.rel1.win32_1.0.200.202406191623/tools/bin/../lib/gcc/arm-none-eabi/12.3.1/../../../../arm-none-eabi/lib/thumb/v7-m/nofp/crt0.o
LOAD ./Core/Src/freertos.o
LOAD ./Core/Src/main.o
LOAD ./Core/Src/stm32f1xx_hal_msp.o
LOAD ./Core/Src/stm32f1xx_it.o
LOAD ./Core/Src/syscalls.o
LOAD ./Core/Src/sysmem.o
LOAD ./Core/Src/system_stm32f1xx.o
LOAD ./Core/Startup/startup_stm32f103c8tx.o
LOAD ./Drivers/STM32F1xx_HAL_Driver/Src/stm32f1xx_hal.o
LOAD ./Drivers/STM32F1xx_HAL_Driver/Src/stm32f1xx_hal_cortex.o
LOAD ./Drivers/STM32F1xx_HAL_Driver/Src/stm32f1xx_hal_dma.o
LOAD ./Drivers/STM32F1xx_HAL_Driver/Src/stm32f1xx_hal_exti.o
LOAD ./Drivers/STM32F1xx_HAL_Driver/Src/stm32f1xx_hal_flash.o
LOAD ./Drivers/STM32F1xx_HAL_Driver/Src/stm32f1xx_hal_flash_ex.o
LOAD ./Drivers/STM32F1xx_HAL_Driver/Src/stm32f1xx_hal_gpio.o
LOAD ./Drivers/STM32F1xx_HAL_Driver/Src/stm32f1xx_hal_gpio_ex.o
LOAD ./Drivers/STM32F1xx_HAL_Driver/Src/stm32f1xx_hal_pwr.o
LOAD ./Drivers/STM32F1xx_HAL_Driver/Src/stm32f1xx_hal_rcc.o
LOAD ./Drivers/STM32F1xx_HAL_Driver/Src/stm32f1xx_hal_rcc_ex.o
LOAD ./Drivers/STM32F1xx_HAL_Driver/Src/stm32f1xx_hal_tim.o
LOAD ./Drivers/STM32F1xx_HAL_Driver/Src/stm32f1xx_hal_tim_ex.o
LOAD ./Middlewares/Third_Party/FreeRTOS/Source/CMSIS_RTOS/cmsis_os.o
LOAD ./Middlewares/Third_Party/FreeRTOS/Source/croutine.o
LOAD ./Middlewares/Third_Party/FreeRTOS/Source/event_groups.o
LOAD ./Middlewares/Third_Party/FreeRTOS/Source/list.o
LOAD ./Middlewares/Third_Party/FreeRTOS/Source/queue.o
LOAD ./Middlewares/Third_Party/FreeRTOS/Source/stream_buffer.o
LOAD ./Middlewares/Third_Party/FreeRTOS/Source/tasks.o
LOAD ./Middlewares/Third_Party/FreeRTOS/Source/timers.o
LOAD ./Middlewares/Third_Party/FreeRTOS/Source/portable/GCC/ARM_CM3/port.o
LOAD ./Middlewares/Third_Party/FreeRTOS/Source/portable/MemMang/heap_4.o
START GROUP
LOAD E:/Backup data D/App Kuliah/stm32cube ide/STM32CubeIDE_1.16.0/STM32CubeIDE/plugins/com.st.stm32cube.ide.mcu.externaltools.gnu-tools-for-stm32.12.3.rel1.win32_1.0.200.202406191623/tools/bin/../lib/gcc/arm-none-eabi/12.3.1/../../../../arm-none-eabi/lib/thumb/v7-m/nofp\libc_nano.a
LOAD E:/Backup data D/App Kuliah/stm32cube ide/STM32CubeIDE_1.16.0/STM32CubeIDE/plugins/com.st.stm32cube.ide.mcu.externaltools.gnu-tools-for-stm32.12.3.rel1.win32_1.0.200.202406191623/tools/bin/../lib/gcc/arm-none-eabi/12.3.1/../../../../arm-none-eabi/lib/thumb/v7-m/nofp\libm.a
END GROUP
START GROUP
LOAD E:/Backup data D/App Kuliah/stm32cube ide/STM32CubeIDE_1.16.0/STM32CubeIDE/plugins/com.st.stm32cube.ide.mcu.externaltools.gnu-tools-for-stm32.12.3.rel1.win32_1.0.200.202406191623/tools/bin/../lib/gcc/arm-none-eabi/12.3.1/thumb/v7-m/nofp\libgcc.a
LOAD E:/Backup data D/App Kuliah/stm32cube ide/STM32CubeIDE_1.16.0/STM32CubeIDE/plugins/com.st.stm32cube.ide.mcu.externaltools.gnu-tools-for-stm32.12.3.rel1.win32_1.0.200.202406191623/tools/bin/../lib/gcc/arm-none-eabi/12.3.1/../../../../arm-none-eabi/lib/thumb/v7-m/nofp\libc_nano.a
END GROUP
START GROUP
LOAD E:/Backup data D/App Kuliah/stm32cube ide/STM32CubeIDE_1.16.0/STM32CubeIDE/plugins/com.st.stm32cube.ide.mcu.externaltools.gnu-tools-for-stm32.12.3.rel1.win32_1.0.200.202406191623/tools/bin/../lib/gcc/arm-none-eabi/12.3.1/thumb/v7-m/nofp\libgcc.a
LOAD E:/Backup data D/App Kuliah/stm32cube ide/STM32CubeIDE_1.16.0/STM32CubeIDE/plugins/com.st.stm32cube.ide.mcu.externaltools.gnu-tools-for-stm32.12.3.rel1.win32_1.0.200.202406191623/tools/bin/../lib/gcc/arm-none-eabi/12.3.1/../../../../arm-none-eabi/lib/thumb/v7-m/nofp\libc_nano.a
LOAD E:/Backup data D/App Kuliah/stm32cube ide/STM32CubeIDE_1.16.0/STM32CubeIDE/plugins/com.st.stm32cube.ide.mcu.externaltools.gnu-tools-for-stm32.12.3.rel1.win32_1.0.200.202406191623/tools/bin/../lib/gcc/arm-none-eabi/12.3.1/../../../../arm-none-eabi/lib/thumb/v7-m/nofp\libnosys.a
END GROUP
START GROUP
LOAD E:/Backup data D/App Kuliah/stm32cube ide/STM32CubeIDE_1.16.0/STM32CubeIDE/plugins/com.st.stm32cube.ide.mcu.externaltools.gnu-tools-for-stm32.12.3.rel1.win32_1.0.200.202406191623/tools/bin/../lib/gcc/arm-none-eabi/12.3.1/thumb/v7-m/nofp\libgcc.a
LOAD E:/Backup data D/App Kuliah/stm32cube ide/STM32CubeIDE_1.16.0/STM32CubeIDE/plugins/com.st.stm32cube.ide.mcu.externaltools.gnu-tools-for-stm32.12.3.rel1.win32_1.0.200.202406191623/tools/bin/../lib/gcc/arm-none-eabi/12.3.1/../../../../arm-none-eabi/lib/thumb/v7-m/nofp\libc_nano.a
LOAD E:/Backup data D/App Kuliah/stm32cube ide/STM32CubeIDE_1.16.0/STM32CubeIDE/plugins/com.st.stm32cube.ide.mcu.externaltools.gnu-tools-for-stm32.12.3.rel1.win32_1.0.200.202406191623/tools/bin/../lib/gcc/arm-none-eabi/12.3.1/../../../../arm-none-eabi/lib/thumb/v7-m/nofp\libnosys.a
END GROUP
LOAD E:/Backup data D/App Kuliah/stm32cube ide/STM32CubeIDE_1.16.0/STM32CubeIDE/plugins/com.st.stm32cube.ide.mcu.externaltools.gnu-tools-for-stm32.12.3.rel1.win32_1.0.200.202406191623/tools/bin/../lib/gcc/arm-none-eabi/12.3.1/thumb/v7-m/nofp/crtend.o
LOAD E:/Backup data D/App Kuliah/stm32cube ide/STM32CubeIDE_1.16.0/STM32CubeIDE/plugins/com.st.stm32cube.ide.mcu.externaltools.gnu-tools-for-stm32.12.3.rel1.win32_1.0.200.202406191623/tools/bin/../lib/gcc/arm-none-eabi/12.3.1/thumb/v7-m/nofp/crtn.o
                0x20005000                        _estack = (ORIGIN (RAM) + LENGTH (RAM))
                0x00000200                        _Min_Heap_Size = 0x200
                0x00000400                        _Min_Stack_Size = 0x400

.isr_vector     0x08000000      0x10c
                0x08000000                        . = ALIGN (0x4)
 *(.isr_vector)
 .isr_vector    0x08000000      0x10c ./Core/Startup/startup_stm32f103c8tx.o
                0x08000000                g_pfnVectors
                0x0800010c                        . = ALIGN (0x4)

.text           0x08000110     0x25f8
                0x08000110                        . = ALIGN (0x4)
 *(.text)
 .text          0x08000110       0x40 E:/Backup data D/App Kuliah/stm32cube ide/STM32CubeIDE_1.16.0/STM32CubeIDE/plugins/com.st.stm32cube.ide.mcu.externaltools.gnu-tools-for-stm32.12.3.rel1.win32_1.0.200.202406191623/tools/bin/../lib/gcc/arm-none-eabi/12.3.1/thumb/v7-m/nofp/crtbegin.o
 *(.text*)
 .text.vApplicationGetIdleTaskMemory
                0x08000150       0x30 ./Core/Src/freertos.o
                0x08000150                vApplicationGetIdleTaskMemory
 .text.main     0x08000180       0xa0 ./Core/Src/main.o
                0x08000180                main
 .text.SystemClock_Config
                0x08000220       0x76 ./Core/Src/main.o
                0x08000220                SystemClock_Config
 *fill*         0x08000296        0x2 
 .text.MX_GPIO_Init
                0x08000298       0x64 ./Core/Src/main.o
 .text.StartDefaultTask
                0x080002fc       0x10 ./Core/Src/main.o
                0x080002fc                StartDefaultTask
 .text.green_led
                0x0800030c       0x38 ./Core/Src/main.o
                0x0800030c                green_led
 .text.red_led  0x08000344       0x38 ./Core/Src/main.o
                0x08000344                red_led
 .text.accessSharedData
                0x0800037c       0x44 ./Core/Src/main.o
                0x0800037c                accessSharedData
 .text.Error_Handler
                0x080003c0        0xc ./Core/Src/main.o
                0x080003c0                Error_Handler
 .text.HAL_MspInit
                0x080003cc       0x70 ./Core/Src/stm32f1xx_hal_msp.o
                0x080003cc                HAL_MspInit
 .text.NMI_Handler
                0x0800043c        0x8 ./Core/Src/stm32f1xx_it.o
                0x0800043c                NMI_Handler
 .text.HardFault_Handler
                0x08000444        0x8 ./Core/Src/stm32f1xx_it.o
                0x08000444                HardFault_Handler
 .text.MemManage_Handler
                0x0800044c        0x8 ./Core/Src/stm32f1xx_it.o
                0x0800044c                MemManage_Handler
 .text.BusFault_Handler
                0x08000454        0x8 ./Core/Src/stm32f1xx_it.o
                0x08000454                BusFault_Handler
 .text.UsageFault_Handler
                0x0800045c        0x8 ./Core/Src/stm32f1xx_it.o
                0x0800045c                UsageFault_Handler
 .text.DebugMon_Handler
                0x08000464        0xc ./Core/Src/stm32f1xx_it.o
                0x08000464                DebugMon_Handler
 .text.SysTick_Handler
                0x08000470       0x1a ./Core/Src/stm32f1xx_it.o
                0x08000470                SysTick_Handler
 .text.SystemInit
                0x0800048a        0xc ./Core/Src/system_stm32f1xx.o
                0x0800048a                SystemInit
 *fill*         0x08000496        0x2 
 .text.Reset_Handler
                0x08000498       0x48 ./Core/Startup/startup_stm32f103c8tx.o
                0x08000498                Reset_Handler
 .text.Default_Handler
                0x080004e0        0x2 ./Core/Startup/startup_stm32f103c8tx.o
                0x080004e0                RTC_Alarm_IRQHandler
                0x080004e0                EXTI2_IRQHandler
                0x080004e0                TIM1_CC_IRQHandler
                0x080004e0                PVD_IRQHandler
                0x080004e0                EXTI3_IRQHandler
                0x080004e0                EXTI0_IRQHandler
                0x080004e0                I2C2_EV_IRQHandler
                0x080004e0                ADC1_2_IRQHandler
                0x080004e0                SPI1_IRQHandler
                0x080004e0                TAMPER_IRQHandler
                0x080004e0                DMA1_Channel4_IRQHandler
                0x080004e0                USART3_IRQHandler
                0x080004e0                RTC_IRQHandler
                0x080004e0                DMA1_Channel7_IRQHandler
                0x080004e0                CAN1_RX1_IRQHandler
                0x080004e0                TIM4_IRQHandler
                0x080004e0                I2C1_EV_IRQHandler
                0x080004e0                DMA1_Channel6_IRQHandler
                0x080004e0                TIM3_IRQHandler
                0x080004e0                RCC_IRQHandler
                0x080004e0                TIM1_TRG_COM_IRQHandler
                0x080004e0                DMA1_Channel1_IRQHandler
                0x080004e0                Default_Handler
                0x080004e0                EXTI15_10_IRQHandler
                0x080004e0                EXTI9_5_IRQHandler
                0x080004e0                SPI2_IRQHandler
                0x080004e0                DMA1_Channel5_IRQHandler
                0x080004e0                EXTI4_IRQHandler
                0x080004e0                USB_LP_CAN1_RX0_IRQHandler
                0x080004e0                USB_HP_CAN1_TX_IRQHandler
                0x080004e0                DMA1_Channel3_IRQHandler
                0x080004e0                TIM1_UP_IRQHandler
                0x080004e0                WWDG_IRQHandler
                0x080004e0                TIM2_IRQHandler
                0x080004e0                TIM1_BRK_IRQHandler
                0x080004e0                EXTI1_IRQHandler
                0x080004e0                USART2_IRQHandler
                0x080004e0                I2C2_ER_IRQHandler
                0x080004e0                DMA1_Channel2_IRQHandler
                0x080004e0                CAN1_SCE_IRQHandler
                0x080004e0                FLASH_IRQHandler
                0x080004e0                USART1_IRQHandler
                0x080004e0                I2C1_ER_IRQHandler
                0x080004e0                USBWakeUp_IRQHandler
 *fill*         0x080004e2        0x2 
 .text.HAL_Init
                0x080004e4       0x2c ./Drivers/STM32F1xx_HAL_Driver/Src/stm32f1xx_hal.o
                0x080004e4                HAL_Init
 .text.HAL_InitTick
                0x08000510       0x60 ./Drivers/STM32F1xx_HAL_Driver/Src/stm32f1xx_hal.o
                0x08000510                HAL_InitTick
 .text.HAL_IncTick
                0x08000570       0x24 ./Drivers/STM32F1xx_HAL_Driver/Src/stm32f1xx_hal.o
                0x08000570                HAL_IncTick
 .text.HAL_GetTick
                0x08000594       0x14 ./Drivers/STM32F1xx_HAL_Driver/Src/stm32f1xx_hal.o
                0x08000594                HAL_GetTick
 .text.__NVIC_SetPriorityGrouping
                0x080005a8       0x48 ./Drivers/STM32F1xx_HAL_Driver/Src/stm32f1xx_hal_cortex.o
 .text.__NVIC_GetPriorityGrouping
                0x080005f0       0x1c ./Drivers/STM32F1xx_HAL_Driver/Src/stm32f1xx_hal_cortex.o
 .text.__NVIC_SetPriority
                0x0800060c       0x54 ./Drivers/STM32F1xx_HAL_Driver/Src/stm32f1xx_hal_cortex.o
 .text.NVIC_EncodePriority
                0x08000660       0x64 ./Drivers/STM32F1xx_HAL_Driver/Src/stm32f1xx_hal_cortex.o
 .text.SysTick_Config
                0x080006c4       0x44 ./Drivers/STM32F1xx_HAL_Driver/Src/stm32f1xx_hal_cortex.o
 .text.HAL_NVIC_SetPriorityGrouping
                0x08000708       0x16 ./Drivers/STM32F1xx_HAL_Driver/Src/stm32f1xx_hal_cortex.o
                0x08000708                HAL_NVIC_SetPriorityGrouping
 .text.HAL_NVIC_SetPriority
                0x0800071e       0x38 ./Drivers/STM32F1xx_HAL_Driver/Src/stm32f1xx_hal_cortex.o
                0x0800071e                HAL_NVIC_SetPriority
 .text.HAL_SYSTICK_Config
                0x08000756       0x18 ./Drivers/STM32F1xx_HAL_Driver/Src/stm32f1xx_hal_cortex.o
                0x08000756                HAL_SYSTICK_Config
 *fill*         0x0800076e        0x2 
 .text.HAL_GPIO_Init
                0x08000770      0x308 ./Drivers/STM32F1xx_HAL_Driver/Src/stm32f1xx_hal_gpio.o
                0x08000770                HAL_GPIO_Init
 .text.HAL_GPIO_WritePin
                0x08000a78       0x30 ./Drivers/STM32F1xx_HAL_Driver/Src/stm32f1xx_hal_gpio.o
                0x08000a78                HAL_GPIO_WritePin
 .text.HAL_RCC_OscConfig
                0x08000aa8      0x504 ./Drivers/STM32F1xx_HAL_Driver/Src/stm32f1xx_hal_rcc.o
                0x08000aa8                HAL_RCC_OscConfig
 .text.HAL_RCC_ClockConfig
                0x08000fac      0x1d4 ./Drivers/STM32F1xx_HAL_Driver/Src/stm32f1xx_hal_rcc.o
                0x08000fac                HAL_RCC_ClockConfig
 .text.HAL_RCC_GetSysClockFreq
                0x08001180       0xa8 ./Drivers/STM32F1xx_HAL_Driver/Src/stm32f1xx_hal_rcc.o
                0x08001180                HAL_RCC_GetSysClockFreq
 .text.RCC_Delay
                0x08001228       0x3c ./Drivers/STM32F1xx_HAL_Driver/Src/stm32f1xx_hal_rcc.o
 .text.makeFreeRtosPriority
                0x08001264       0x2e ./Middlewares/Third_Party/FreeRTOS/Source/CMSIS_RTOS/cmsis_os.o
 .text.osKernelStart
                0x08001292        0xe ./Middlewares/Third_Party/FreeRTOS/Source/CMSIS_RTOS/cmsis_os.o
                0x08001292                osKernelStart
 .text.osThreadCreate
                0x080012a0       0x98 ./Middlewares/Third_Party/FreeRTOS/Source/CMSIS_RTOS/cmsis_os.o
                0x080012a0                osThreadCreate
 .text.osDelay  0x08001338       0x28 ./Middlewares/Third_Party/FreeRTOS/Source/CMSIS_RTOS/cmsis_os.o
                0x08001338                osDelay
 .text.vListInitialise
                0x08001360       0x3e ./Middlewares/Third_Party/FreeRTOS/Source/list.o
                0x08001360                vListInitialise
 .text.vListInitialiseItem
                0x0800139e       0x18 ./Middlewares/Third_Party/FreeRTOS/Source/list.o
                0x0800139e                vListInitialiseItem
 .text.vListInsertEnd
                0x080013b6       0x46 ./Middlewares/Third_Party/FreeRTOS/Source/list.o
                0x080013b6                vListInsertEnd
 .text.vListInsert
                0x080013fc       0x70 ./Middlewares/Third_Party/FreeRTOS/Source/list.o
                0x080013fc                vListInsert
 .text.uxListRemove
                0x0800146c       0x52 ./Middlewares/Third_Party/FreeRTOS/Source/list.o
                0x0800146c                uxListRemove
 .text.xTaskCreateStatic
                0x080014be       0xc0 ./Middlewares/Third_Party/FreeRTOS/Source/tasks.o
                0x080014be                xTaskCreateStatic
 .text.xTaskCreate
                0x0800157e       0x8a ./Middlewares/Third_Party/FreeRTOS/Source/tasks.o
                0x0800157e                xTaskCreate
 .text.prvInitialiseNewTask
                0x08001608      0x110 ./Middlewares/Third_Party/FreeRTOS/Source/tasks.o
 .text.prvAddNewTaskToReadyList
                0x08001718       0xd4 ./Middlewares/Third_Party/FreeRTOS/Source/tasks.o
 .text.vTaskDelay
                0x080017ec       0x6c ./Middlewares/Third_Party/FreeRTOS/Source/tasks.o
                0x080017ec                vTaskDelay
 .text.vTaskStartScheduler
                0x08001858       0xc4 ./Middlewares/Third_Party/FreeRTOS/Source/tasks.o
                0x08001858                vTaskStartScheduler
 .text.vTaskSuspendAll
                0x0800191c       0x1c ./Middlewares/Third_Party/FreeRTOS/Source/tasks.o
                0x0800191c                vTaskSuspendAll
 .text.xTaskResumeAll
                0x08001938      0x13c ./Middlewares/Third_Party/FreeRTOS/Source/tasks.o
                0x08001938                xTaskResumeAll
 .text.xTaskIncrementTick
                0x08001a74      0x174 ./Middlewares/Third_Party/FreeRTOS/Source/tasks.o
                0x08001a74                xTaskIncrementTick
 .text.vTaskSwitchContext
                0x08001be8       0xb8 ./Middlewares/Third_Party/FreeRTOS/Source/tasks.o
                0x08001be8                vTaskSwitchContext
 .text.prvIdleTask
                0x08001ca0       0x30 ./Middlewares/Third_Party/FreeRTOS/Source/tasks.o
 .text.prvInitialiseTaskLists
                0x08001cd0       0x80 ./Middlewares/Third_Party/FreeRTOS/Source/tasks.o
 .text.prvCheckTasksWaitingTermination
                0x08001d50       0x5c ./Middlewares/Third_Party/FreeRTOS/Source/tasks.o
 .text.prvDeleteTCB
                0x08001dac       0x60 ./Middlewares/Third_Party/FreeRTOS/Source/tasks.o
 .text.prvResetNextTaskUnblockTime
                0x08001e0c       0x40 ./Middlewares/Third_Party/FreeRTOS/Source/tasks.o
 .text.xTaskGetSchedulerState
                0x08001e4c       0x3c ./Middlewares/Third_Party/FreeRTOS/Source/tasks.o
                0x08001e4c                xTaskGetSchedulerState
 .text.prvAddCurrentTaskToDelayedList
                0x08001e88       0xcc ./Middlewares/Third_Party/FreeRTOS/Source/tasks.o
 .text.pxPortInitialiseStack
                0x08001f54       0x58 ./Middlewares/Third_Party/FreeRTOS/Source/portable/GCC/ARM_CM3/port.o
                0x08001f54                pxPortInitialiseStack
 .text.prvTaskExitError
                0x08001fac       0x58 ./Middlewares/Third_Party/FreeRTOS/Source/portable/GCC/ARM_CM3/port.o
 *fill*         0x08002004        0xc 
 .text.SVC_Handler
                0x08002010       0x28 ./Middlewares/Third_Party/FreeRTOS/Source/portable/GCC/ARM_CM3/port.o
                0x08002010                SVC_Handler
 .text.prvPortStartFirstTask
                0x08002038       0x20 ./Middlewares/Third_Party/FreeRTOS/Source/portable/GCC/ARM_CM3/port.o
 .text.xPortStartScheduler
                0x08002058       0xe4 ./Middlewares/Third_Party/FreeRTOS/Source/portable/GCC/ARM_CM3/port.o
                0x08002058                xPortStartScheduler
 .text.vPortEnterCritical
                0x0800213c       0x60 ./Middlewares/Third_Party/FreeRTOS/Source/portable/GCC/ARM_CM3/port.o
                0x0800213c                vPortEnterCritical
 .text.vPortExitCritical
                0x0800219c       0x54 ./Middlewares/Third_Party/FreeRTOS/Source/portable/GCC/ARM_CM3/port.o
                0x0800219c                vPortExitCritical
 .text.PendSV_Handler
                0x080021f0       0x48 ./Middlewares/Third_Party/FreeRTOS/Source/portable/GCC/ARM_CM3/port.o
                0x080021f0                PendSV_Handler
 .text.xPortSysTickHandler
                0x08002238       0x44 ./Middlewares/Third_Party/FreeRTOS/Source/portable/GCC/ARM_CM3/port.o
                0x08002238                xPortSysTickHandler
 .text.vPortSetupTimerInterrupt
                0x0800227c       0x44 ./Middlewares/Third_Party/FreeRTOS/Source/portable/GCC/ARM_CM3/port.o
                0x0800227c                vPortSetupTimerInterrupt
 .text.pvPortMalloc
                0x080022c0      0x19c ./Middlewares/Third_Party/FreeRTOS/Source/portable/MemMang/heap_4.o
                0x080022c0                pvPortMalloc
 .text.vPortFree
                0x0800245c       0xc8 ./Middlewares/Third_Party/FreeRTOS/Source/portable/MemMang/heap_4.o
                0x0800245c                vPortFree
 .text.prvHeapInit
                0x08002524       0xc4 ./Middlewares/Third_Party/FreeRTOS/Source/portable/MemMang/heap_4.o
 .text.prvInsertBlockIntoFreeList
                0x080025e8       0xb0 ./Middlewares/Third_Party/FreeRTOS/Source/portable/MemMang/heap_4.o
 .text.memset   0x08002698       0x10 E:/Backup data D/App Kuliah/stm32cube ide/STM32CubeIDE_1.16.0/STM32CubeIDE/plugins/com.st.stm32cube.ide.mcu.externaltools.gnu-tools-for-stm32.12.3.rel1.win32_1.0.200.202406191623/tools/bin/../lib/gcc/arm-none-eabi/12.3.1/../../../../arm-none-eabi/lib/thumb/v7-m/nofp\libc_nano.a(libc_a-memset.o)
                0x08002698                memset
 .text.__libc_init_array
                0x080026a8       0x48 E:/Backup data D/App Kuliah/stm32cube ide/STM32CubeIDE_1.16.0/STM32CubeIDE/plugins/com.st.stm32cube.ide.mcu.externaltools.gnu-tools-for-stm32.12.3.rel1.win32_1.0.200.202406191623/tools/bin/../lib/gcc/arm-none-eabi/12.3.1/../../../../arm-none-eabi/lib/thumb/v7-m/nofp\libc_nano.a(libc_a-init.o)
                0x080026a8                __libc_init_array
 *(.glue_7)
 .glue_7        0x080026f0        0x0 linker stubs
 *(.glue_7t)
 .glue_7t       0x080026f0        0x0 linker stubs
 *(.eh_frame)
 .eh_frame      0x080026f0        0x0 E:/Backup data D/App Kuliah/stm32cube ide/STM32CubeIDE_1.16.0/STM32CubeIDE/plugins/com.st.stm32cube.ide.mcu.externaltools.gnu-tools-for-stm32.12.3.rel1.win32_1.0.200.202406191623/tools/bin/../lib/gcc/arm-none-eabi/12.3.1/thumb/v7-m/nofp/crtbegin.o
 *(.init)
 .init          0x080026f0        0x4 E:/Backup data D/App Kuliah/stm32cube ide/STM32CubeIDE_1.16.0/STM32CubeIDE/plugins/com.st.stm32cube.ide.mcu.externaltools.gnu-tools-for-stm32.12.3.rel1.win32_1.0.200.202406191623/tools/bin/../lib/gcc/arm-none-eabi/12.3.1/thumb/v7-m/nofp/crti.o
                0x080026f0                _init
 .init          0x080026f4        0x8 E:/Backup data D/App Kuliah/stm32cube ide/STM32CubeIDE_1.16.0/STM32CubeIDE/plugins/com.st.stm32cube.ide.mcu.externaltools.gnu-tools-for-stm32.12.3.rel1.win32_1.0.200.202406191623/tools/bin/../lib/gcc/arm-none-eabi/12.3.1/thumb/v7-m/nofp/crtn.o
 *(.fini)
 .fini          0x080026fc        0x4 E:/Backup data D/App Kuliah/stm32cube ide/STM32CubeIDE_1.16.0/STM32CubeIDE/plugins/com.st.stm32cube.ide.mcu.externaltools.gnu-tools-for-stm32.12.3.rel1.win32_1.0.200.202406191623/tools/bin/../lib/gcc/arm-none-eabi/12.3.1/thumb/v7-m/nofp/crti.o
                0x080026fc                _fini
 .fini          0x08002700        0x8 E:/Backup data D/App Kuliah/stm32cube ide/STM32CubeIDE_1.16.0/STM32CubeIDE/plugins/com.st.stm32cube.ide.mcu.externaltools.gnu-tools-for-stm32.12.3.rel1.win32_1.0.200.202406191623/tools/bin/../lib/gcc/arm-none-eabi/12.3.1/thumb/v7-m/nofp/crtn.o
                0x08002708                        . = ALIGN (0x4)
                0x08002708                        _etext = .

.vfp11_veneer   0x08002708        0x0
 .vfp11_veneer  0x08002708        0x0 linker stubs

.v4_bx          0x08002708        0x0
 .v4_bx         0x08002708        0x0 linker stubs

.iplt           0x08002708        0x0
 .iplt          0x08002708        0x0 E:/Backup data D/App Kuliah/stm32cube ide/STM32CubeIDE_1.16.0/STM32CubeIDE/plugins/com.st.stm32cube.ide.mcu.externaltools.gnu-tools-for-stm32.12.3.rel1.win32_1.0.200.202406191623/tools/bin/../lib/gcc/arm-none-eabi/12.3.1/thumb/v7-m/nofp/crtbegin.o

.rodata         0x08002708       0xa8
                0x08002708                        . = ALIGN (0x4)
 *(.rodata)
 .rodata        0x08002708       0x7c ./Core/Src/main.o
 .rodata        0x08002784        0x5 ./Middlewares/Third_Party/FreeRTOS/Source/tasks.o
 *(.rodata*)
 *fill*         0x08002789        0x3 
 .rodata.AHBPrescTable
                0x0800278c       0x10 ./Core/Src/system_stm32f1xx.o
                0x0800278c                AHBPrescTable
 .rodata.aPLLMULFactorTable.1
                0x0800279c       0x10 ./Drivers/STM32F1xx_HAL_Driver/Src/stm32f1xx_hal_rcc.o
 .rodata.aPredivFactorTable.0
                0x080027ac        0x2 ./Drivers/STM32F1xx_HAL_Driver/Src/stm32f1xx_hal_rcc.o
                0x080027b0                        . = ALIGN (0x4)
 *fill*         0x080027ae        0x2 

.ARM.extab      0x080027b0        0x0
                0x080027b0                        . = ALIGN (0x4)
 *(.ARM.extab* .gnu.linkonce.armextab.*)
                0x080027b0                        . = ALIGN (0x4)

.ARM            0x080027b0        0x0
                0x080027b0                        . = ALIGN (0x4)
                0x080027b0                        __exidx_start = .
 *(.ARM.exidx*)
                0x080027b0                        __exidx_end = .
                0x080027b0                        . = ALIGN (0x4)

.preinit_array  0x080027b0        0x0
                0x080027b0                        . = ALIGN (0x4)
                0x080027b0                        PROVIDE (__preinit_array_start = .)
 *(.preinit_array*)
                0x080027b0                        PROVIDE (__preinit_array_end = .)
                0x080027b0                        . = ALIGN (0x4)

.init_array     0x080027b0        0x4
                0x080027b0                        . = ALIGN (0x4)
                0x080027b0                        PROVIDE (__init_array_start = .)
 *(SORT_BY_NAME(.init_array.*))
 *(.init_array*)
 .init_array    0x080027b0        0x4 E:/Backup data D/App Kuliah/stm32cube ide/STM32CubeIDE_1.16.0/STM32CubeIDE/plugins/com.st.stm32cube.ide.mcu.externaltools.gnu-tools-for-stm32.12.3.rel1.win32_1.0.200.202406191623/tools/bin/../lib/gcc/arm-none-eabi/12.3.1/thumb/v7-m/nofp/crtbegin.o
                0x080027b4                        PROVIDE (__init_array_end = .)
                0x080027b4                        . = ALIGN (0x4)

.fini_array     0x080027b4        0x4
                0x080027b4                        . = ALIGN (0x4)
                [!provide]                        PROVIDE (__fini_array_start = .)
 *(SORT_BY_NAME(.fini_array.*))
 *(.fini_array*)
 .fini_array    0x080027b4        0x4 E:/Backup data D/App Kuliah/stm32cube ide/STM32CubeIDE_1.16.0/STM32CubeIDE/plugins/com.st.stm32cube.ide.mcu.externaltools.gnu-tools-for-stm32.12.3.rel1.win32_1.0.200.202406191623/tools/bin/../lib/gcc/arm-none-eabi/12.3.1/thumb/v7-m/nofp/crtbegin.o
                [!provide]                        PROVIDE (__fini_array_end = .)
                0x080027b8                        . = ALIGN (0x4)
                0x080027b8                        _sidata = LOADADDR (.data)

.rel.dyn        0x080027b8        0x0
 .rel.iplt      0x080027b8        0x0 E:/Backup data D/App Kuliah/stm32cube ide/STM32CubeIDE_1.16.0/STM32CubeIDE/plugins/com.st.stm32cube.ide.mcu.externaltools.gnu-tools-for-stm32.12.3.rel1.win32_1.0.200.202406191623/tools/bin/../lib/gcc/arm-none-eabi/12.3.1/thumb/v7-m/nofp/crtbegin.o

.data           0x20000000       0x14 load address 0x080027b8
                0x20000000                        . = ALIGN (0x4)
                0x20000000                        _sdata = .
 *(.data)
 *(.data*)
 .data.startFlag
                0x20000000        0x1 ./Core/Src/main.o
                0x20000000                startFlag
 *fill*         0x20000001        0x3 
 .data.SystemCoreClock
                0x20000004        0x4 ./Core/Src/system_stm32f1xx.o
                0x20000004                SystemCoreClock
 .data.uwTickPrio
                0x20000008        0x4 ./Drivers/STM32F1xx_HAL_Driver/Src/stm32f1xx_hal.o
                0x20000008                uwTickPrio
 .data.uwTickFreq
                0x2000000c        0x1 ./Drivers/STM32F1xx_HAL_Driver/Src/stm32f1xx_hal.o
                0x2000000c                uwTickFreq
 *fill*         0x2000000d        0x3 
 .data.uxCriticalNesting
                0x20000010        0x4 ./Middlewares/Third_Party/FreeRTOS/Source/portable/GCC/ARM_CM3/port.o
 *(.RamFunc)
 *(.RamFunc*)
                0x20000014                        . = ALIGN (0x4)
                0x20000014                        _edata = .

.igot.plt       0x20000014        0x0 load address 0x080027cc
 .igot.plt      0x20000014        0x0 E:/Backup data D/App Kuliah/stm32cube ide/STM32CubeIDE_1.16.0/STM32CubeIDE/plugins/com.st.stm32cube.ide.mcu.externaltools.gnu-tools-for-stm32.12.3.rel1.win32_1.0.200.202406191623/tools/bin/../lib/gcc/arm-none-eabi/12.3.1/thumb/v7-m/nofp/crtbegin.o
                0x20000014                        . = ALIGN (0x4)

.bss            0x20000014      0xfd4 load address 0x080027cc
                0x20000014                        _sbss = .
                0x20000014                        __bss_start__ = _sbss
 *(.bss)
 .bss           0x20000014       0x1c E:/Backup data D/App Kuliah/stm32cube ide/STM32CubeIDE_1.16.0/STM32CubeIDE/plugins/com.st.stm32cube.ide.mcu.externaltools.gnu-tools-for-stm32.12.3.rel1.win32_1.0.200.202406191623/tools/bin/../lib/gcc/arm-none-eabi/12.3.1/thumb/v7-m/nofp/crtbegin.o
 *(.bss*)
 .bss.xIdleTaskTCBBuffer
                0x20000030       0x54 ./Core/Src/freertos.o
 .bss.xIdleStack
                0x20000084      0x200 ./Core/Src/freertos.o
 .bss.defaultTaskHandle
                0x20000284        0x4 ./Core/Src/main.o
                0x20000284                defaultTaskHandle
 .bss.GreenLEDTaskHandle
                0x20000288        0x4 ./Core/Src/main.o
                0x20000288                GreenLEDTaskHandle
 .bss.RedLEDTaskHandle
                0x2000028c        0x4 ./Core/Src/main.o
                0x2000028c                RedLEDTaskHandle
 .bss.uwTick    0x20000290        0x4 ./Drivers/STM32F1xx_HAL_Driver/Src/stm32f1xx_hal.o
                0x20000290                uwTick
 .bss.pxCurrentTCB
                0x20000294        0x4 ./Middlewares/Third_Party/FreeRTOS/Source/tasks.o
                0x20000294                pxCurrentTCB
 .bss.pxReadyTasksLists
                0x20000298       0x8c ./Middlewares/Third_Party/FreeRTOS/Source/tasks.o
 .bss.xDelayedTaskList1
                0x20000324       0x14 ./Middlewares/Third_Party/FreeRTOS/Source/tasks.o
 .bss.xDelayedTaskList2
                0x20000338       0x14 ./Middlewares/Third_Party/FreeRTOS/Source/tasks.o
 .bss.pxDelayedTaskList
                0x2000034c        0x4 ./Middlewares/Third_Party/FreeRTOS/Source/tasks.o
 .bss.pxOverflowDelayedTaskList
                0x20000350        0x4 ./Middlewares/Third_Party/FreeRTOS/Source/tasks.o
 .bss.xPendingReadyList
                0x20000354       0x14 ./Middlewares/Third_Party/FreeRTOS/Source/tasks.o
 .bss.xTasksWaitingTermination
                0x20000368       0x14 ./Middlewares/Third_Party/FreeRTOS/Source/tasks.o
 .bss.uxDeletedTasksWaitingCleanUp
                0x2000037c        0x4 ./Middlewares/Third_Party/FreeRTOS/Source/tasks.o
 .bss.xSuspendedTaskList
                0x20000380       0x14 ./Middlewares/Third_Party/FreeRTOS/Source/tasks.o
 .bss.uxCurrentNumberOfTasks
                0x20000394        0x4 ./Middlewares/Third_Party/FreeRTOS/Source/tasks.o
 .bss.xTickCount
                0x20000398        0x4 ./Middlewares/Third_Party/FreeRTOS/Source/tasks.o
 .bss.uxTopReadyPriority
                0x2000039c        0x4 ./Middlewares/Third_Party/FreeRTOS/Source/tasks.o
 .bss.xSchedulerRunning
                0x200003a0        0x4 ./Middlewares/Third_Party/FreeRTOS/Source/tasks.o
 .bss.xPendedTicks
                0x200003a4        0x4 ./Middlewares/Third_Party/FreeRTOS/Source/tasks.o
 .bss.xYieldPending
                0x200003a8        0x4 ./Middlewares/Third_Party/FreeRTOS/Source/tasks.o
 .bss.xNumOfOverflows
                0x200003ac        0x4 ./Middlewares/Third_Party/FreeRTOS/Source/tasks.o
 .bss.uxTaskNumber
                0x200003b0        0x4 ./Middlewares/Third_Party/FreeRTOS/Source/tasks.o
 .bss.xNextTaskUnblockTime
                0x200003b4        0x4 ./Middlewares/Third_Party/FreeRTOS/Source/tasks.o
 .bss.xIdleTaskHandle
                0x200003b8        0x4 ./Middlewares/Third_Party/FreeRTOS/Source/tasks.o
 .bss.uxSchedulerSuspended
                0x200003bc        0x4 ./Middlewares/Third_Party/FreeRTOS/Source/tasks.o
 .bss.ucMaxSysCallPriority
                0x200003c0        0x1 ./Middlewares/Third_Party/FreeRTOS/Source/portable/GCC/ARM_CM3/port.o
 *fill*         0x200003c1        0x3 
 .bss.ulMaxPRIGROUPValue
                0x200003c4        0x4 ./Middlewares/Third_Party/FreeRTOS/Source/portable/GCC/ARM_CM3/port.o
 .bss.ucHeap    0x200003c8      0xc00 ./Middlewares/Third_Party/FreeRTOS/Source/portable/MemMang/heap_4.o
 .bss.xStart    0x20000fc8        0x8 ./Middlewares/Third_Party/FreeRTOS/Source/portable/MemMang/heap_4.o
 .bss.pxEnd     0x20000fd0        0x4 ./Middlewares/Third_Party/FreeRTOS/Source/portable/MemMang/heap_4.o
 .bss.xFreeBytesRemaining
                0x20000fd4        0x4 ./Middlewares/Third_Party/FreeRTOS/Source/portable/MemMang/heap_4.o
 .bss.xMinimumEverFreeBytesRemaining
                0x20000fd8        0x4 ./Middlewares/Third_Party/FreeRTOS/Source/portable/MemMang/heap_4.o
 .bss.xNumberOfSuccessfulAllocations
                0x20000fdc        0x4 ./Middlewares/Third_Party/FreeRTOS/Source/portable/MemMang/heap_4.o
 .bss.xNumberOfSuccessfulFrees
                0x20000fe0        0x4 ./Middlewares/Third_Party/FreeRTOS/Source/portable/MemMang/heap_4.o
 .bss.xBlockAllocatedBit
                0x20000fe4        0x4 ./Middlewares/Third_Party/FreeRTOS/Source/portable/MemMang/heap_4.o
 *(COMMON)
                0x20000fe8                        . = ALIGN (0x4)
                0x20000fe8                        _ebss = .
                0x20000fe8                        __bss_end__ = _ebss

._user_heap_stack
                0x20000fe8      0x600 load address 0x080027cc
                0x20000fe8                        . = ALIGN (0x8)
                [!provide]                        PROVIDE (end = .)
                0x20000fe8                        PROVIDE (_end = .)
                0x200011e8                        . = (. + _Min_Heap_Size)
 *fill*         0x20000fe8      0x200 
                0x200015e8                        . = (. + _Min_Stack_Size)
 *fill*         0x200011e8      0x400 
                0x200015e8                        . = ALIGN (0x8)

/DISCARD/
 libc.a(*)
 libm.a(*)
 libgcc.a(*)

.ARM.attributes
                0x00000000       0x29
 *(.ARM.attributes)
 .ARM.attributes
                0x00000000       0x1d E:/Backup data D/App Kuliah/stm32cube ide/STM32CubeIDE_1.16.0/STM32CubeIDE/plugins/com.st.stm32cube.ide.mcu.externaltools.gnu-tools-for-stm32.12.3.rel1.win32_1.0.200.202406191623/tools/bin/../lib/gcc/arm-none-eabi/12.3.1/thumb/v7-m/nofp/crti.o
 .ARM.attributes
                0x0000001d       0x2d E:/Backup data D/App Kuliah/stm32cube ide/STM32CubeIDE_1.16.0/STM32CubeIDE/plugins/com.st.stm32cube.ide.mcu.externaltools.gnu-tools-for-stm32.12.3.rel1.win32_1.0.200.202406191623/tools/bin/../lib/gcc/arm-none-eabi/12.3.1/thumb/v7-m/nofp/crtbegin.o
 .ARM.attributes
                0x0000004a       0x2d ./Core/Src/freertos.o
 .ARM.attributes
                0x00000077       0x2d ./Core/Src/main.o
 .ARM.attributes
                0x000000a4       0x2d ./Core/Src/stm32f1xx_hal_msp.o
 .ARM.attributes
                0x000000d1       0x2d ./Core/Src/stm32f1xx_it.o
 .ARM.attributes
                0x000000fe       0x2d ./Core/Src/system_stm32f1xx.o
 .ARM.attributes
                0x0000012b       0x21 ./Core/Startup/startup_stm32f103c8tx.o
 .ARM.attributes
                0x0000014c       0x2d ./Drivers/STM32F1xx_HAL_Driver/Src/stm32f1xx_hal.o
 .ARM.attributes
                0x00000179       0x2d ./Drivers/STM32F1xx_HAL_Driver/Src/stm32f1xx_hal_cortex.o
 .ARM.attributes
                0x000001a6       0x2d ./Drivers/STM32F1xx_HAL_Driver/Src/stm32f1xx_hal_gpio.o
 .ARM.attributes
                0x000001d3       0x2d ./Drivers/STM32F1xx_HAL_Driver/Src/stm32f1xx_hal_rcc.o
 .ARM.attributes
                0x00000200       0x2d ./Middlewares/Third_Party/FreeRTOS/Source/CMSIS_RTOS/cmsis_os.o
 .ARM.attributes
                0x0000022d       0x2d ./Middlewares/Third_Party/FreeRTOS/Source/list.o
 .ARM.attributes
                0x0000025a       0x2d ./Middlewares/Third_Party/FreeRTOS/Source/tasks.o
 .ARM.attributes
                0x00000287       0x2d ./Middlewares/Third_Party/FreeRTOS/Source/portable/GCC/ARM_CM3/port.o
 .ARM.attributes
                0x000002b4       0x2d ./Middlewares/Third_Party/FreeRTOS/Source/portable/MemMang/heap_4.o
 .ARM.attributes
                0x000002e1       0x2d E:/Backup data D/App Kuliah/stm32cube ide/STM32CubeIDE_1.16.0/STM32CubeIDE/plugins/com.st.stm32cube.ide.mcu.externaltools.gnu-tools-for-stm32.12.3.rel1.win32_1.0.200.202406191623/tools/bin/../lib/gcc/arm-none-eabi/12.3.1/../../../../arm-none-eabi/lib/thumb/v7-m/nofp\libc_nano.a(libc_a-memset.o)
 .ARM.attributes
                0x0000030e       0x2d E:/Backup data D/App Kuliah/stm32cube ide/STM32CubeIDE_1.16.0/STM32CubeIDE/plugins/com.st.stm32cube.ide.mcu.externaltools.gnu-tools-for-stm32.12.3.rel1.win32_1.0.200.202406191623/tools/bin/../lib/gcc/arm-none-eabi/12.3.1/../../../../arm-none-eabi/lib/thumb/v7-m/nofp\libc_nano.a(libc_a-init.o)
 .ARM.attributes
                0x0000033b       0x1d E:/Backup data D/App Kuliah/stm32cube ide/STM32CubeIDE_1.16.0/STM32CubeIDE/plugins/com.st.stm32cube.ide.mcu.externaltools.gnu-tools-for-stm32.12.3.rel1.win32_1.0.200.202406191623/tools/bin/../lib/gcc/arm-none-eabi/12.3.1/thumb/v7-m/nofp/crtn.o
OUTPUT(RTOS Task 6.elf elf32-littlearm)
LOAD linker stubs
LOAD E:/Backup data D/App Kuliah/stm32cube ide/STM32CubeIDE_1.16.0/STM32CubeIDE/plugins/com.st.stm32cube.ide.mcu.externaltools.gnu-tools-for-stm32.12.3.rel1.win32_1.0.200.202406191623/tools/bin/../lib/gcc/arm-none-eabi/12.3.1/../../../../arm-none-eabi/lib/thumb/v7-m/nofp\libc.a
LOAD E:/Backup data D/App Kuliah/stm32cube ide/STM32CubeIDE_1.16.0/STM32CubeIDE/plugins/com.st.stm32cube.ide.mcu.externaltools.gnu-tools-for-stm32.12.3.rel1.win32_1.0.200.202406191623/tools/bin/../lib/gcc/arm-none-eabi/12.3.1/../../../../arm-none-eabi/lib/thumb/v7-m/nofp\libm.a
LOAD E:/Backup data D/App Kuliah/stm32cube ide/STM32CubeIDE_1.16.0/STM32CubeIDE/plugins/com.st.stm32cube.ide.mcu.externaltools.gnu-tools-for-stm32.12.3.rel1.win32_1.0.200.202406191623/tools/bin/../lib/gcc/arm-none-eabi/12.3.1/thumb/v7-m/nofp\libgcc.a

.debug_info     0x00000000     0x756d
 .debug_info    0x00000000      0x279 ./Core/Src/freertos.o
 .debug_info    0x00000279      0x8fc ./Core/Src/main.o
 .debug_info    0x00000b75      0x361 ./Core/Src/stm32f1xx_hal_msp.o
 .debug_info    0x00000ed6      0x11b ./Core/Src/stm32f1xx_it.o
 .debug_info    0x00000ff1      0x222 ./Core/Src/system_stm32f1xx.o
 .debug_info    0x00001213       0x30 ./Core/Startup/startup_stm32f103c8tx.o
 .debug_info    0x00001243      0x704 ./Drivers/STM32F1xx_HAL_Driver/Src/stm32f1xx_hal.o
 .debug_info    0x00001947      0xa87 ./Drivers/STM32F1xx_HAL_Driver/Src/stm32f1xx_hal_cortex.o
 .debug_info    0x000023ce      0x5ab ./Drivers/STM32F1xx_HAL_Driver/Src/stm32f1xx_hal_gpio.o
 .debug_info    0x00002979      0x7d5 ./Drivers/STM32F1xx_HAL_Driver/Src/stm32f1xx_hal_rcc.o
 .debug_info    0x0000314e     0x1b60 ./Middlewares/Third_Party/FreeRTOS/Source/CMSIS_RTOS/cmsis_os.o
 .debug_info    0x00004cae      0x2af ./Middlewares/Third_Party/FreeRTOS/Source/list.o
 .debug_info    0x00004f5d     0x1ca7 ./Middlewares/Third_Party/FreeRTOS/Source/tasks.o
 .debug_info    0x00006c04      0x494 ./Middlewares/Third_Party/FreeRTOS/Source/portable/GCC/ARM_CM3/port.o
 .debug_info    0x00007098      0x4d5 ./Middlewares/Third_Party/FreeRTOS/Source/portable/MemMang/heap_4.o

.debug_abbrev   0x00000000     0x1ca2
 .debug_abbrev  0x00000000       0xd2 ./Core/Src/freertos.o
 .debug_abbrev  0x000000d2      0x2c7 ./Core/Src/main.o
 .debug_abbrev  0x00000399      0x11c ./Core/Src/stm32f1xx_hal_msp.o
 .debug_abbrev  0x000004b5       0xaa ./Core/Src/stm32f1xx_it.o
 .debug_abbrev  0x0000055f      0x13f ./Core/Src/system_stm32f1xx.o
 .debug_abbrev  0x0000069e       0x24 ./Core/Startup/startup_stm32f103c8tx.o
 .debug_abbrev  0x000006c2      0x201 ./Drivers/STM32F1xx_HAL_Driver/Src/stm32f1xx_hal.o
 .debug_abbrev  0x000008c3      0x2f8 ./Drivers/STM32F1xx_HAL_Driver/Src/stm32f1xx_hal_cortex.o
 .debug_abbrev  0x00000bbb      0x1ca ./Drivers/STM32F1xx_HAL_Driver/Src/stm32f1xx_hal_gpio.o
 .debug_abbrev  0x00000d85      0x2b3 ./Drivers/STM32F1xx_HAL_Driver/Src/stm32f1xx_hal_rcc.o
 .debug_abbrev  0x00001038      0x3a7 ./Middlewares/Third_Party/FreeRTOS/Source/CMSIS_RTOS/cmsis_os.o
 .debug_abbrev  0x000013df       0xf5 ./Middlewares/Third_Party/FreeRTOS/Source/list.o
 .debug_abbrev  0x000014d4      0x359 ./Middlewares/Third_Party/FreeRTOS/Source/tasks.o
 .debug_abbrev  0x0000182d      0x258 ./Middlewares/Third_Party/FreeRTOS/Source/portable/GCC/ARM_CM3/port.o
 .debug_abbrev  0x00001a85      0x21d ./Middlewares/Third_Party/FreeRTOS/Source/portable/MemMang/heap_4.o

.debug_aranges  0x00000000      0x8a0
 .debug_aranges
                0x00000000       0x20 ./Core/Src/freertos.o
 .debug_aranges
                0x00000020       0x58 ./Core/Src/main.o
 .debug_aranges
                0x00000078       0x20 ./Core/Src/stm32f1xx_hal_msp.o
 .debug_aranges
                0x00000098       0x50 ./Core/Src/stm32f1xx_it.o
 .debug_aranges
                0x000000e8       0x28 ./Core/Src/system_stm32f1xx.o
 .debug_aranges
                0x00000110       0x28 ./Core/Startup/startup_stm32f103c8tx.o
 .debug_aranges
                0x00000138       0xe0 ./Drivers/STM32F1xx_HAL_Driver/Src/stm32f1xx_hal.o
 .debug_aranges
                0x00000218      0x100 ./Drivers/STM32F1xx_HAL_Driver/Src/stm32f1xx_hal_cortex.o
 .debug_aranges
                0x00000318       0x58 ./Drivers/STM32F1xx_HAL_Driver/Src/stm32f1xx_hal_gpio.o
 .debug_aranges
                0x00000370       0x90 ./Drivers/STM32F1xx_HAL_Driver/Src/stm32f1xx_hal_rcc.o
 .debug_aranges
                0x00000400      0x1d8 ./Middlewares/Third_Party/FreeRTOS/Source/CMSIS_RTOS/cmsis_os.o
 .debug_aranges
                0x000005d8       0x40 ./Middlewares/Third_Party/FreeRTOS/Source/list.o
 .debug_aranges
                0x00000618      0x1b8 ./Middlewares/Third_Party/FreeRTOS/Source/tasks.o
 .debug_aranges
                0x000007d0       0x78 ./Middlewares/Third_Party/FreeRTOS/Source/portable/GCC/ARM_CM3/port.o
 .debug_aranges
                0x00000848       0x58 ./Middlewares/Third_Party/FreeRTOS/Source/portable/MemMang/heap_4.o

.debug_rnglists
                0x00000000      0x664
 .debug_rnglists
                0x00000000       0x13 ./Core/Src/freertos.o
 .debug_rnglists
                0x00000013       0x3e ./Core/Src/main.o
 .debug_rnglists
                0x00000051       0x13 ./Core/Src/stm32f1xx_hal_msp.o
 .debug_rnglists
                0x00000064       0x37 ./Core/Src/stm32f1xx_it.o
 .debug_rnglists
                0x0000009b       0x1a ./Core/Src/system_stm32f1xx.o
 .debug_rnglists
                0x000000b5       0x19 ./Core/Startup/startup_stm32f103c8tx.o
 .debug_rnglists
                0x000000ce       0xa3 ./Drivers/STM32F1xx_HAL_Driver/Src/stm32f1xx_hal.o
 .debug_rnglists
                0x00000171       0xbb ./Drivers/STM32F1xx_HAL_Driver/Src/stm32f1xx_hal_cortex.o
 .debug_rnglists
                0x0000022c       0x3f ./Drivers/STM32F1xx_HAL_Driver/Src/stm32f1xx_hal_gpio.o
 .debug_rnglists
                0x0000026b       0x6c ./Drivers/STM32F1xx_HAL_Driver/Src/stm32f1xx_hal_rcc.o
 .debug_rnglists
                0x000002d7      0x16a ./Middlewares/Third_Party/FreeRTOS/Source/CMSIS_RTOS/cmsis_os.o
 .debug_rnglists
                0x00000441       0x2b ./Middlewares/Third_Party/FreeRTOS/Source/list.o
 .debug_rnglists
                0x0000046c      0x15f ./Middlewares/Third_Party/FreeRTOS/Source/tasks.o
 .debug_rnglists
                0x000005cb       0x57 ./Middlewares/Third_Party/FreeRTOS/Source/portable/GCC/ARM_CM3/port.o
 .debug_rnglists
                0x00000622       0x42 ./Middlewares/Third_Party/FreeRTOS/Source/portable/MemMang/heap_4.o

.debug_macro    0x00000000    0x173bc
 .debug_macro   0x00000000      0x1fb ./Core/Src/freertos.o
 .debug_macro   0x000001fb      0xaa8 ./Core/Src/freertos.o
 .debug_macro   0x00000ca3      0x189 ./Core/Src/freertos.o
 .debug_macro   0x00000e2c       0x22 ./Core/Src/freertos.o
 .debug_macro   0x00000e4e       0x8e ./Core/Src/freertos.o
 .debug_macro   0x00000edc       0x51 ./Core/Src/freertos.o
 .debug_macro   0x00000f2d      0x103 ./Core/Src/freertos.o
 .debug_macro   0x00001030       0x6a ./Core/Src/freertos.o
 .debug_macro   0x0000109a      0x1df ./Core/Src/freertos.o
 .debug_macro   0x00001279       0xd0 ./Core/Src/freertos.o
 .debug_macro   0x00001349      0x15a ./Core/Src/freertos.o
 .debug_macro   0x000014a3       0xde ./Core/Src/freertos.o
 .debug_macro   0x00001581       0x1c ./Core/Src/freertos.o
 .debug_macro   0x0000159d       0x26 ./Core/Src/freertos.o
 .debug_macro   0x000015c3      0x519 ./Core/Src/freertos.o
 .debug_macro   0x00001adc       0xb5 ./Core/Src/freertos.o
 .debug_macro   0x00001b91       0xaa ./Core/Src/freertos.o
 .debug_macro   0x00001c3b      0x20f ./Core/Src/freertos.o
 .debug_macro   0x00001e4a       0x2e ./Core/Src/freertos.o
 .debug_macro   0x00001e78       0x22 ./Core/Src/freertos.o
 .debug_macro   0x00001e9a       0x1c ./Core/Src/freertos.o
 .debug_macro   0x00001eb6       0x22 ./Core/Src/freertos.o
 .debug_macro   0x00001ed8       0xbd ./Core/Src/freertos.o
 .debug_macro   0x00001f95      0xd23 ./Core/Src/freertos.o
 .debug_macro   0x00002cb8     0xe09e ./Core/Src/freertos.o
 .debug_macro   0x00010d56       0x6d ./Core/Src/freertos.o
 .debug_macro   0x00010dc3     0x34a2 ./Core/Src/freertos.o
 .debug_macro   0x00014265       0x5c ./Core/Src/freertos.o
 .debug_macro   0x000142c1      0x5bc ./Core/Src/freertos.o
 .debug_macro   0x0001487d      0x289 ./Core/Src/freertos.o
 .debug_macro   0x00014b06      0x1cb ./Core/Src/freertos.o
 .debug_macro   0x00014cd1      0x114 ./Core/Src/freertos.o
 .debug_macro   0x00014de5      0x1b2 ./Core/Src/freertos.o
 .debug_macro   0x00014f97       0x27 ./Core/Src/freertos.o
 .debug_macro   0x00014fbe      0x136 ./Core/Src/freertos.o
 .debug_macro   0x000150f4      0x1bc ./Core/Src/freertos.o
 .debug_macro   0x000152b0       0x34 ./Core/Src/freertos.o
 .debug_macro   0x000152e4       0x3c ./Core/Src/freertos.o
 .debug_macro   0x00015320       0x57 ./Core/Src/freertos.o
 .debug_macro   0x00015377       0x87 ./Core/Src/freertos.o
 .debug_macro   0x000153fe      0x240 ./Core/Src/freertos.o
 .debug_macro   0x0001563e      0x140 ./Core/Src/freertos.o
 .debug_macro   0x0001577e       0x83 ./Core/Src/freertos.o
 .debug_macro   0x00015801       0x28 ./Core/Src/freertos.o
 .debug_macro   0x00015829      0x246 ./Core/Src/main.o
 .debug_macro   0x00015a6f       0xd0 ./Core/Src/main.o
 .debug_macro   0x00015b3f       0x91 ./Core/Src/main.o
 .debug_macro   0x00015bd0       0x8d ./Core/Src/main.o
 .debug_macro   0x00015c5d       0x7e ./Core/Src/main.o
 .debug_macro   0x00015cdb       0x19 ./Core/Src/main.o
 .debug_macro   0x00015cf4       0xf2 ./Core/Src/main.o
 .debug_macro   0x00015de6      0x193 ./Core/Src/stm32f1xx_hal_msp.o
 .debug_macro   0x00015f79      0x205 ./Core/Src/stm32f1xx_it.o
 .debug_macro   0x0001617e      0x184 ./Core/Src/system_stm32f1xx.o
 .debug_macro   0x00016302      0x1a8 ./Drivers/STM32F1xx_HAL_Driver/Src/stm32f1xx_hal.o
 .debug_macro   0x000164aa      0x184 ./Drivers/STM32F1xx_HAL_Driver/Src/stm32f1xx_hal_cortex.o
 .debug_macro   0x0001662e      0x1ef ./Drivers/STM32F1xx_HAL_Driver/Src/stm32f1xx_hal_gpio.o
 .debug_macro   0x0001681d      0x196 ./Drivers/STM32F1xx_HAL_Driver/Src/stm32f1xx_hal_rcc.o
 .debug_macro   0x000169b3      0x1fe ./Middlewares/Third_Party/FreeRTOS/Source/CMSIS_RTOS/cmsis_os.o
 .debug_macro   0x00016bb1       0x10 ./Middlewares/Third_Party/FreeRTOS/Source/CMSIS_RTOS/cmsis_os.o
 .debug_macro   0x00016bc1       0x20 ./Middlewares/Third_Party/FreeRTOS/Source/CMSIS_RTOS/cmsis_os.o
 .debug_macro   0x00016be1       0xab ./Middlewares/Third_Party/FreeRTOS/Source/CMSIS_RTOS/cmsis_os.o
 .debug_macro   0x00016c8c      0x187 ./Middlewares/Third_Party/FreeRTOS/Source/list.o
 .debug_macro   0x00016e13      0x279 ./Middlewares/Third_Party/FreeRTOS/Source/tasks.o
 .debug_macro   0x0001708c       0x10 ./Middlewares/Third_Party/FreeRTOS/Source/tasks.o
 .debug_macro   0x0001709c      0x172 ./Middlewares/Third_Party/FreeRTOS/Source/portable/GCC/ARM_CM3/port.o
 .debug_macro   0x0001720e      0x1ae ./Middlewares/Third_Party/FreeRTOS/Source/portable/MemMang/heap_4.o

.debug_line     0x00000000     0x9a23
 .debug_line    0x00000000      0x7b9 ./Core/Src/freertos.o
 .debug_line    0x000007b9      0x99e ./Core/Src/main.o
 .debug_line    0x00001157      0x6be ./Core/Src/stm32f1xx_hal_msp.o
 .debug_line    0x00001815      0x863 ./Core/Src/stm32f1xx_it.o
 .debug_line    0x00002078      0x73a ./Core/Src/system_stm32f1xx.o
 .debug_line    0x000027b2       0x78 ./Core/Startup/startup_stm32f103c8tx.o
 .debug_line    0x0000282a      0x967 ./Drivers/STM32F1xx_HAL_Driver/Src/stm32f1xx_hal.o
 .debug_line    0x00003191      0xb53 ./Drivers/STM32F1xx_HAL_Driver/Src/stm32f1xx_hal_cortex.o
 .debug_line    0x00003ce4      0xa00 ./Drivers/STM32F1xx_HAL_Driver/Src/stm32f1xx_hal_gpio.o
 .debug_line    0x000046e4      0xd70 ./Drivers/STM32F1xx_HAL_Driver/Src/stm32f1xx_hal_rcc.o
 .debug_line    0x00005454     0x1289 ./Middlewares/Third_Party/FreeRTOS/Source/CMSIS_RTOS/cmsis_os.o
 .debug_line    0x000066dd      0x7b9 ./Middlewares/Third_Party/FreeRTOS/Source/list.o
 .debug_line    0x00006e96     0x19d0 ./Middlewares/Third_Party/FreeRTOS/Source/tasks.o
 .debug_line    0x00008866      0x7da ./Middlewares/Third_Party/FreeRTOS/Source/portable/GCC/ARM_CM3/port.o
 .debug_line    0x00009040      0x9e3 ./Middlewares/Third_Party/FreeRTOS/Source/portable/MemMang/heap_4.o

.debug_str      0x00000000    0x878d5
 .debug_str     0x00000000    0x7e91c ./Core/Src/freertos.o
                              0x7ec88 (size before relaxing)
 .debug_str     0x0007e91c     0x2779 ./Core/Src/main.o
                              0x81379 (size before relaxing)
 .debug_str     0x00081095      0x2dd ./Core/Src/stm32f1xx_hal_msp.o
                              0x7b0fc (size before relaxing)
 .debug_str     0x00081372       0xd9 ./Core/Src/stm32f1xx_it.o
                              0x7ebe9 (size before relaxing)
 .debug_str     0x0008144b       0x7e ./Core/Src/system_stm32f1xx.o
                              0x7adb8 (size before relaxing)
 .debug_str     0x000814c9       0x44 ./Core/Startup/startup_stm32f103c8tx.o
                                 0xb2 (size before relaxing)
 .debug_str     0x0008150d      0x38e ./Drivers/STM32F1xx_HAL_Driver/Src/stm32f1xx_hal.o
                              0x7b4eb (size before relaxing)
 .debug_str     0x0008189b      0x2b2 ./Drivers/STM32F1xx_HAL_Driver/Src/stm32f1xx_hal_cortex.o
                              0x7b437 (size before relaxing)
 .debug_str     0x00081b4d      0x2f6 ./Drivers/STM32F1xx_HAL_Driver/Src/stm32f1xx_hal_gpio.o
                              0x7b13e (size before relaxing)
 .debug_str     0x00081e43      0x229 ./Drivers/STM32F1xx_HAL_Driver/Src/stm32f1xx_hal_rcc.o
                              0x7b1e7 (size before relaxing)
 .debug_str     0x0008206c     0x3b99 ./Middlewares/Third_Party/FreeRTOS/Source/CMSIS_RTOS/cmsis_os.o
                               0xe5b8 (size before relaxing)
 .debug_str     0x00085c05      0x20f ./Middlewares/Third_Party/FreeRTOS/Source/list.o
                               0xaab4 (size before relaxing)
 .debug_str     0x00085e14     0x1126 ./Middlewares/Third_Party/FreeRTOS/Source/tasks.o
                               0xce1f (size before relaxing)
 .debug_str     0x00086f3a      0x66e ./Middlewares/Third_Party/FreeRTOS/Source/portable/GCC/ARM_CM3/port.o
                               0x85fd (size before relaxing)
 .debug_str     0x000875a8      0x32d ./Middlewares/Third_Party/FreeRTOS/Source/portable/MemMang/heap_4.o
                               0xb3f6 (size before relaxing)

.comment        0x00000000       0x43
 .comment       0x00000000       0x43 ./Core/Src/freertos.o
                                 0x44 (size before relaxing)
 .comment       0x00000043       0x44 ./Core/Src/main.o
 .comment       0x00000043       0x44 ./Core/Src/stm32f1xx_hal_msp.o
 .comment       0x00000043       0x44 ./Core/Src/stm32f1xx_it.o
 .comment       0x00000043       0x44 ./Core/Src/system_stm32f1xx.o
 .comment       0x00000043       0x44 ./Drivers/STM32F1xx_HAL_Driver/Src/stm32f1xx_hal.o
 .comment       0x00000043       0x44 ./Drivers/STM32F1xx_HAL_Driver/Src/stm32f1xx_hal_cortex.o
 .comment       0x00000043       0x44 ./Drivers/STM32F1xx_HAL_Driver/Src/stm32f1xx_hal_gpio.o
 .comment       0x00000043       0x44 ./Drivers/STM32F1xx_HAL_Driver/Src/stm32f1xx_hal_rcc.o
 .comment       0x00000043       0x44 ./Middlewares/Third_Party/FreeRTOS/Source/CMSIS_RTOS/cmsis_os.o
 .comment       0x00000043       0x44 ./Middlewares/Third_Party/FreeRTOS/Source/list.o
 .comment       0x00000043       0x44 ./Middlewares/Third_Party/FreeRTOS/Source/tasks.o
 .comment       0x00000043       0x44 ./Middlewares/Third_Party/FreeRTOS/Source/portable/GCC/ARM_CM3/port.o
 .comment       0x00000043       0x44 ./Middlewares/Third_Party/FreeRTOS/Source/portable/MemMang/heap_4.o

.debug_frame    0x00000000     0x20c8
 .debug_frame   0x00000000       0x38 ./Core/Src/freertos.o
 .debug_frame   0x00000038      0x110 ./Core/Src/main.o
 .debug_frame   0x00000148       0x34 ./Core/Src/stm32f1xx_hal_msp.o
 .debug_frame   0x0000017c       0xc4 ./Core/Src/stm32f1xx_it.o
 .debug_frame   0x00000240       0x58 ./Core/Src/system_stm32f1xx.o
 .debug_frame   0x00000298      0x334 ./Drivers/STM32F1xx_HAL_Driver/Src/stm32f1xx_hal.o
 .debug_frame   0x000005cc      0x428 ./Drivers/STM32F1xx_HAL_Driver/Src/stm32f1xx_hal_cortex.o
 .debug_frame   0x000009f4      0x14c ./Drivers/STM32F1xx_HAL_Driver/Src/stm32f1xx_hal_gpio.o
 .debug_frame   0x00000b40      0x218 ./Drivers/STM32F1xx_HAL_Driver/Src/stm32f1xx_hal_rcc.o
 .debug_frame   0x00000d58      0x80c ./Middlewares/Third_Party/FreeRTOS/Source/CMSIS_RTOS/cmsis_os.o
 .debug_frame   0x00001564       0xd8 ./Middlewares/Third_Party/FreeRTOS/Source/list.o
 .debug_frame   0x0000163c      0x77c ./Middlewares/Third_Party/FreeRTOS/Source/tasks.o
 .debug_frame   0x00001db8      0x198 ./Middlewares/Third_Party/FreeRTOS/Source/portable/GCC/ARM_CM3/port.o
 .debug_frame   0x00001f50      0x12c ./Middlewares/Third_Party/FreeRTOS/Source/portable/MemMang/heap_4.o
 .debug_frame   0x0000207c       0x20 E:/Backup data D/App Kuliah/stm32cube ide/STM32CubeIDE_1.16.0/STM32CubeIDE/plugins/com.st.stm32cube.ide.mcu.externaltools.gnu-tools-for-stm32.12.3.rel1.win32_1.0.200.202406191623/tools/bin/../lib/gcc/arm-none-eabi/12.3.1/../../../../arm-none-eabi/lib/thumb/v7-m/nofp\libc_nano.a(libc_a-memset.o)
 .debug_frame   0x0000209c       0x2c E:/Backup data D/App Kuliah/stm32cube ide/STM32CubeIDE_1.16.0/STM32CubeIDE/plugins/com.st.stm32cube.ide.mcu.externaltools.gnu-tools-for-stm32.12.3.rel1.win32_1.0.200.202406191623/tools/bin/../lib/gcc/arm-none-eabi/12.3.1/../../../../arm-none-eabi/lib/thumb/v7-m/nofp\libc_nano.a(libc_a-init.o)

.debug_line_str
                0x00000000       0x96
 .debug_line_str
                0x00000000       0x96 ./Core/Startup/startup_stm32f103c8tx.o
